// Jest Snapshot v1, https://goo.gl/fbAQLP

exports[`Header component matches a snapshot 1`] = `
<Fragment>
  <header
    className="Header"
  >
    <h1
      className="title"
    >
      Artist Search
    </h1>
  </header>
  <SearchBar
    onQueryChange={[Function]}
    onSubmit={[Function]}
  />
  <ArtistList
    artists={Array []}
    handlePageChange={[Function]}
    loading={true}
  />
</Fragment>
`;
